2026-08-15 07:34:44 ==========================================
2026-08-15 07:34:44 JAPAN MENSA 入会テスト監視開始
2026-08-15 07:34:44 ==========================================
2026-08-15 07:34:45 ページ解析完了：39件
2026-08-15 07:34:45 10月大阪対象：3件
2026-08-15 07:34:45 11月以降大阪市：0件
2026-08-15 07:34:45 [10月対象] 10/18 2026/10/18(日)　11:00~12:00 大阪府大阪市福島区 → full
2026-08-15 07:34:45 [10月対象] 10/18 2026/10/18(日)　13:30~14:30 大阪府大阪市福島区 → full
2026-08-15 07:34:45 [10月対象] 10/18 2026/10/18(日)　15:30~16:30 大阪府大阪市福島区 → full
2026-08-15 07:34:45 初回チェック：現在の状態を保存します
2026-08-15 07:34:45 次回チェックまで 68秒
2026-08-15 07:35:55 ページ解析完了：39件
2026-08-15 07:35:55 10月大阪対象：3件
2026-08-15 07:35:55 11月以降大阪市：0件
2026-08-15 07:35:55 [10月対象] 10/18 2026/10/18(日)　11:00~12:00 大阪府大阪市福島区 → full
2026-08-15 07:35:55 [10月対象] 10/18 2026/10/18(日)　13:30~14:30 大阪府大阪市福島区 → full
2026-08-15 07:35:55 [10月対象] 10/18 2026/10/18(日)　15:30~16:30 大阪府大阪市福島区 → full
2026-08-15 07:35:55 次回チェックまで 74秒
2026-08-15 07:37:10 ページ解析完了：39件
2026-08-15 07:37:10 10月大阪対象：3件
2026-08-15 07:37:10 11月以降大阪市：0件
2026-08-15 07:37:10 [10月対象] 10/18 2026/10/18(日)　11:00~12:00 大阪府大阪市福島区 → full
2026-08-15 07:37:10 [10月対象] 10/18 2026/10/18(日)　13:30~14:30 大阪府大阪市福島区 → full
2026-08-15 07:37:10 [10月対象] 10/18 2026/10/18(日)　15:30~16:30 大阪府大阪市福島区 → full
2026-08-15 07:37:10 次回チェックまで 62秒
2026-08-15 07:38:13 ページ解析完了：39件
2026-08-15 07:38:13 10月大阪対象：3件
2026-08-15 07:38:13 11月以降大阪市：0件
2026-08-15 07:38:13 [10月対象] 10/18 2026/10/18(日)　11:00~12:00 大阪府大阪市福島区 → full
2026-08-15 07:38:13 [10月対象] 10/18 2026/10/18(日)　13:30~14:30 大阪府大阪市福島区 → full
2026-08-15 07:38:13 [10月対象] 10/18 2026/10/18(日)　15:30~16:30 大阪府大阪市福島区 → full
2026-08-15 07:38:13 次回チェックまで 31秒
2026-08-15 07:38:45 ページ解析完了：39件
2026-08-15 07:38:45 10月大阪対象：3件
2026-08-15 07:38:45 11月以降大阪市：0件
2026-08-15 07:38:45 [10月対象] 10/18 2026/10/18(日)　11:00~12:00 大阪府大阪市福島区 → full
2026-08-15 07:38:45 [10月対象] 10/18 2026/10/18(日)　13:30~14:30 大阪府大阪市福島区 → full
2026-08-15 07:38:45 [10月対象] 10/18 2026/10/18(日)　15:30~16:30 大阪府大阪市福島区 → full
2026-08-15 07:38:45 監視時間終了
2026-08-15 07:45:49 ==========================================
2026-08-15 07:45:49 JAPAN MENSA 入会テスト監視開始
2026-08-15 07:45:49 ==========================================
2026-08-15 07:45:50 ページ解析完了：39件
2026-08-15 07:45:50 10月大阪対象：3件
2026-08-15 07:45:50 11月以降大阪市：0件
2026-08-15 07:45:50 [10月対象] 10/18 2026/10/18(日)　11:00~12:00 大阪府大阪市福島区 → full
2026-08-15 07:45:50 [10月対象] 10/18 2026/10/18(日)　13:30~14:30 大阪府大阪市福島区 → full
2026-08-15 07:45:50 [10月対象] 10/18 2026/10/18(日)　15:30~16:30 大阪府大阪市福島区 → full
2026-08-15 07:45:50 次回チェックまで 63秒
2026-08-15 07:46:54 ページ解析完了：39件
2026-08-15 07:46:54 10月大阪対象：3件
2026-08-15 07:46:54 11月以降大阪市：0件
2026-08-15 07:46:54 [10月対象] 10/18 2026/10/18(日)　11:00~12:00 大阪府大阪市福島区 → full
2026-08-15 07:46:54 [10月対象] 10/18 2026/10/18(日)　13:30~14:30 大阪府大阪市福島区 → full
2026-08-15 07:46:54 [10月対象] 10/18 2026/10/18(日)　15:30~16:30 大阪府大阪市福島区 → full
2026-08-15 07:46:54 次回チェックまで 77秒
2026-08-15 07:48:12 ページ解析完了：39件
2026-08-15 07:48:12 10月大阪対象：3件
2026-08-15 07:48:12 11月以降大阪市：0件
2026-08-15 07:48:12 [10月対象] 10/18 2026/10/18(日)　11:00~12:00 大阪府大阪市福島区 → full
2026-08-15 07:48:12 [10月対象] 10/18 2026/10/18(日)　13:30~14:30 大阪府大阪市福島区 → full
2026-08-15 07:48:12 [10月対象] 10/18 2026/10/18(日)　15:30~16:30 大阪府大阪市福島区 → full
2026-08-15 07:48:12 次回チェックまで 54秒
2026-08-15 07:49:07 ページ解析完了：39件
2026-08-15 07:49:07 10月大阪対象：3件
2026-08-15 07:49:07 11月以降大阪市：0件
2026-08-15 07:49:07 [10月対象] 10/18 2026/10/18(日)　11:00~12:00 大阪府大阪市福島区 → full
2026-08-15 07:49:07 [10月対象] 10/18 2026/10/18(日)　13:30~14:30 大阪府大阪市福島区 → full
2026-08-15 07:49:07 [10月対象] 10/18 2026/10/18(日)　15:30~16:30 大阪府大阪市福島区 → full
2026-08-15 07:49:07 次回チェックまで 41秒
2026-08-15 07:49:49 ページ解析完了：39件
2026-08-15 07:49:49 10月大阪対象：3件
2026-08-15 07:49:49 11月以降大阪市：0件
2026-08-15 07:49:49 [10月対象] 10/18 2026/10/18(日)　11:00~12:00 大阪府大阪市福島区 → full
2026-08-15 07:49:49 [10月対象] 10/18 2026/10/18(日)　13:30~14:30 大阪府大阪市福島区 → full
2026-08-15 07:49:49 [10月対象] 10/18 2026/10/18(日)　15:30~16:30 大阪府大阪市福島区 → full
2026-08-15 07:49:49 監視時間終了
2026-08-15 08:02:29 ==========================================
2026-08-15 08:02:29 JAPAN MENSA 入会テスト監視開始
2026-08-15 08:02:29 ==========================================
2026-08-15 08:02:30 ページ解析完了：39件
2026-08-15 08:02:30 10月大阪対象：3件
2026-08-15 08:02:30 11月以降大阪市：0件
2026-08-15 08:02:30 [10月対象] 10/18 2026/10/18(日)　11:00~12:00 大阪府大阪市福島区 → full
2026-08-15 08:02:30 [10月対象] 10/18 2026/10/18(日)　13:30~14:30 大阪府大阪市福島区 → full
2026-08-15 08:02:30 [10月対象] 10/18 2026/10/18(日)　15:30~16:30 大阪府大阪市福島区 → full
2026-08-15 08:02:30 次回チェックまで 80秒
2026-08-15 08:03:51 ページ解析完了：39件
2026-08-15 08:03:51 10月大阪対象：3件
2026-08-15 08:03:51 11月以降大阪市：0件
2026-08-15 08:03:51 [10月対象] 10/18 2026/10/18(日)　11:00~12:00 大阪府大阪市福島区 → full
2026-08-15 08:03:51 [10月対象] 10/18 2026/10/18(日)　13:30~14:30 大阪府大阪市福島区 → full
2026-08-15 08:03:51 [10月対象] 10/18 2026/10/18(日)　15:30~16:30 大阪府大阪市福島区 → full
2026-08-15 08:03:51 次回チェックまで 65秒
2026-08-15 08:04:57 ページ解析完了：39件
2026-08-15 08:04:57 10月大阪対象：3件
2026-08-15 08:04:57 11月以降大阪市：0件
2026-08-15 08:04:57 [10月対象] 10/18 2026/10/18(日)　11:00~12:00 大阪府大阪市福島区 → full
2026-08-15 08:04:57 [10月対象] 10/18 2026/10/18(日)　13:30~14:30 大阪府大阪市福島区 → full
2026-08-15 08:04:57 [10月対象] 10/18 2026/10/18(日)　15:30~16:30 大阪府大阪市福島区 → full
2026-08-15 08:04:57 次回チェックまで 73秒
2026-08-15 08:06:12 ページ解析完了：39件
2026-08-15 08:06:12 10月大阪対象：3件
2026-08-15 08:06:12 11月以降大阪市：0件
2026-08-15 08:06:12 [10月対象] 10/18 2026/10/18(日)　11:00~12:00 大阪府大阪市福島区 → full
2026-08-15 08:06:12 [10月対象] 10/18 2026/10/18(日)　13:30~14:30 大阪府大阪市福島区 → full
2026-08-15 08:06:12 [10月対象] 10/18 2026/10/18(日)　15:30~16:30 大阪府大阪市福島区 → full
2026-08-15 08:06:12 次回チェックまで 17秒
2026-08-15 08:06:29 ページ解析完了：39件
2026-08-15 08:06:29 10月大阪対象：3件
2026-08-15 08:06:29 11月以降大阪市：0件
2026-08-15 08:06:29 [10月対象] 10/18 2026/10/18(日)　11:00~12:00 大阪府大阪市福島区 → full
2026-08-15 08:06:29 [10月対象] 10/18 2026/10/18(日)　13:30~14:30 大阪府大阪市福島区 → full
2026-08-15 08:06:29 [10月対象] 10/18 2026/10/18(日)　15:30~16:30 大阪府大阪市福島区 → full
2026-08-15 08:06:29 監視時間終了
